Traceback (most recent call last):
  File "/root/bond_scanner.py", line 236, in <module>
    placed_markets.add(ticker)
                       ^^^^^^^^
  File "/root/bond_scanner.py", line 83, in scan_markets
    url     = “https://api.elections.kalshi.com/trade-api/v2/markets”
                 ^^^^^^^^^^^^^^^^^^^^^^^^^^^^^^^^^^^^^^^^^^^^^^^^^^^^
  File "/root/kalshi_env/lib/python3.12/site-packages/requests/api.py", line 73, in get
    return request("get", url, params=params, **kwargs)
           ^^^^^^^^^^^^^^^^^^^^^^^^^^^^^^^^^^^^^^^^^^^^
  File "/root/kalshi_env/lib/python3.12/site-packages/requests/api.py", line 59, in request
    return session.request(method=method, url=url, **kwargs)
           ^^^^^^^^^^^^^^^^^^^^^^^^^^^^^^^^^^^^^^^^^^^^^^^^^
  File "/root/kalshi_env/lib/python3.12/site-packages/requests/sessions.py", line 589, in request
    resp = self.send(prep, **send_kwargs)
           ^^^^^^^^^^^^^^^^^^^^^^^^^^^^^^
  File "/root/kalshi_env/lib/python3.12/site-packages/requests/sessions.py", line 703, in send
    r = adapter.send(request, **kwargs)
        ^^^^^^^^^^^^^^^^^^^^^^^^^^^^^^^
  File "/root/kalshi_env/lib/python3.12/site-packages/requests/adapters.py", line 644, in send
    resp = conn.urlopen(
           ^^^^^^^^^^^^^
  File "/root/kalshi_env/lib/python3.12/site-packages/urllib3/connectionpool.py", line 787, in urlopen
    response = self._make_request(
               ^^^^^^^^^^^^^^^^^^^
  File "/root/kalshi_env/lib/python3.12/site-packages/urllib3/connectionpool.py", line 464, in _make_request
    self._validate_conn(conn)
  File "/root/kalshi_env/lib/python3.12/site-packages/urllib3/connectionpool.py", line 1093, in _validate_conn
    conn.connect()
  File "/root/kalshi_env/lib/python3.12/site-packages/urllib3/connection.py", line 796, in connect
    sock_and_verified = _ssl_wrap_socket_and_match_hostname(
                        ^^^^^^^^^^^^^^^^^^^^^^^^^^^^^^^^^^^^
  File "/root/kalshi_env/lib/python3.12/site-packages/urllib3/connection.py", line 975, in _ssl_wrap_socket_and_match_hostname
    ssl_sock = ssl_wrap_socket(
               ^^^^^^^^^^^^^^^^
  File "/root/kalshi_env/lib/python3.12/site-packages/urllib3/util/ssl_.py", line 461, in ssl_wrap_socket
    context.load_verify_locations(ca_certs, ca_cert_dir, ca_cert_data)
KeyboardInterrupt
  File "/root/bond_scanner.py", line 1
    """
    ^
SyntaxError: unterminated triple-quoted string literal (detected at line 301)
  File "/root/bond_scanner.py", line 1
    """
    ^
SyntaxError: unterminated triple-quoted string literal (detected at line 301)
  File "/root/bond_scanner.py", line 1
    """
    ^
SyntaxError: unterminated triple-quoted string literal (detected at line 301)
  File "/root/bond_scanner.py", line 1
    """
    ^
SyntaxError: unterminated triple-quoted string literal (detected at line 301)
  File "/root/bond_scanner.py", line 1
    """
    ^
SyntaxError: unterminated triple-quoted string literal (detected at line 301)
  File "/root/bond_scanner.py", line 1
    """
    ^
SyntaxError: unterminated triple-quoted string literal (detected at line 301)
  File "/root/bond_scanner.py", line 1
    """
    ^
SyntaxError: unterminated triple-quoted string literal (detected at line 301)
  File "/root/bond_scanner.py", line 1
    """
    ^
SyntaxError: unterminated triple-quoted string literal (detected at line 301)
  File "/root/bond_scanner.py", line 1
    """
    ^
SyntaxError: unterminated triple-quoted string literal (detected at line 301)
  File "/root/bond_scanner.py", line 1
    """
    ^
SyntaxError: unterminated triple-quoted string literal (detected at line 301)
  File "/root/bond_scanner.py", line 1
    """
    ^
SyntaxError: unterminated triple-quoted string literal (detected at line 301)
  File "/root/bond_scanner.py", line 1
    """
    ^
SyntaxError: unterminated triple-quoted string literal (detected at line 301)
  File "/root/bond_scanner.py", line 1
    """
    ^
SyntaxError: unterminated triple-quoted string literal (detected at line 301)
  File "/root/bond_scanner.py", line 1
    """
    ^
SyntaxError: unterminated triple-quoted string literal (detected at line 301)
  File "/root/bond_scanner.py", line 1
    """
    ^
SyntaxError: unterminated triple-quoted string literal (detected at line 301)
  File "/root/bond_scanner.py", line 1
    """
    ^
SyntaxError: unterminated triple-quoted string literal (detected at line 301)
