[14:34] Watchdog started
[Watchdog] Auto-started BTC (PID 628648)
[Watchdog] Auto-started ETH (PID 628663)
[Watchdog] Auto-started SOL (PID 628719)
[Watchdog] Auto-started WHALE (PID 628741)
[14:34] BTC ✅
[14:34] ETH ✅
[14:34] SOL ✅
[14:34] WHALE ✅
[14:34] BOND ✅
[14:39] BTC ✅
[14:39] ETH ✅
[14:39] SOL ✅
[14:39] WHALE ✅
[14:39] BOND ✅
[14:44] BTC ✅
[14:44] ETH ✅
[14:45] SOL ✅
[14:45] WHALE ✅
[14:45] BOND ✅
[14:50] BTC ✅
[14:50] ETH ✅
[14:50] SOL ✅
[14:50] WHALE ✅
[14:50] BOND ✅
[14:55] BTC ✅
[14:55] ETH ✅
[14:55] SOL ✅
[14:55] WHALE ✅
[14:55] BOND ✅
[15:00] BTC ✅
[15:00] ETH ✅
[15:00] SOL ✅
[15:00] WHALE ✅
[15:00] BOND ✅
[15:05] BTC ✅
[15:05] ETH ✅
[15:05] SOL ✅
[15:05] WHALE ✅
[15:05] BOND ✅
[15:10] BTC ✅
[15:10] ETH ✅
[15:10] SOL ✅
[15:10] WHALE ✅
[15:10] BOND ✅
[15:15] BTC ✅
[15:15] ETH ✅
[15:15] SOL ✅
[15:15] WHALE ✅
[15:15] BOND ✅
[15:20] BTC ✅
[15:20] ETH ✅
[15:20] SOL ✅
[15:20] WHALE ✅
[15:20] BOND ✅
[15:25] BTC ✅
[15:25] ETH ✅
[15:25] SOL ✅
[15:25] WHALE ✅
[15:25] BOND ✅
[15:30] BTC ✅
[15:30] ETH ✅
[15:30] SOL ✅
[15:30] WHALE ✅
[15:30] BOND ✅
[15:35] BTC ✅
[15:35] ETH ✅
[15:35] SOL ✅
[15:35] WHALE ✅
[15:35] BOND ✅
[15:40] BTC ✅
[15:40] ETH ✅
[15:40] SOL ✅
[15:40] WHALE ✅
[15:40] BOND ✅
[15:45] BTC ✅
[15:45] ETH ✅
[15:45] SOL ✅
[15:45] WHALE ✅
[15:45] BOND ✅
[15:50] BTC ✅
[15:50] ETH ✅
[15:50] SOL ✅
[15:50] WHALE ✅
[15:50] BOND ✅
[15:55] BTC ✅
[15:55] ETH ✅
[15:55] SOL ✅
[15:55] WHALE ✅
[15:55] BOND ✅
[16:00] BTC ✅
[16:00] ETH ✅
[16:00] SOL ✅
[16:00] WHALE ✅
[16:00] BOND ✅
[16:05] BTC ✅
[16:05] ETH ✅
[16:05] SOL ✅
[16:05] WHALE ✅
[16:05] BOND ✅
[16:10] BTC ✅
[16:10] ETH ✅
[16:10] SOL ✅
[16:10] WHALE ✅
[16:10] BOND ✅
[16:15] BTC ✅
[16:15] ETH ✅
[16:15] SOL ✅
[16:15] WHALE ✅
[16:15] BOND ✅
[16:20] BTC ✅
[16:20] ETH ✅
[16:20] SOL ✅
[16:20] WHALE ✅
[16:20] BOND ✅
[16:25] BTC ✅
[16:25] ETH ✅
[16:25] SOL ✅
[16:25] WHALE ✅
[16:25] BOND ✅
[16:30] BTC ✅
[16:30] ETH ✅
[16:30] SOL ✅
[16:30] WHALE ✅
[16:30] BOND ✅
[16:35] BTC ✅
[16:35] ETH ✅
[16:35] SOL ✅
[16:35] WHALE ✅
[16:35] BOND ✅
[16:40] BTC ✅
[16:40] ETH ✅
[16:40] SOL ✅
[16:40] WHALE ✅
[16:40] BOND ✅
[16:45] BTC ✅
[16:45] ETH ✅
[16:45] SOL ✅
[16:45] WHALE ✅
[16:45] BOND ✅
[16:50] BTC ✅
[16:50] ETH ✅
[16:50] SOL ✅
[16:50] WHALE ✅
[16:50] BOND ✅
[16:55] BTC ✅
[16:55] ETH ✅
[16:55] SOL ✅
[16:55] WHALE ✅
[16:55] BOND ✅
[17:00] BTC ✅
[17:00] ETH ✅
[17:00] SOL ✅
[17:00] WHALE ✅
[17:00] BOND ✅
[17:05] BTC ✅
[17:05] ETH ✅
[17:05] SOL ✅
[17:05] WHALE ✅
[17:05] BOND ✅
[17:10] BTC ✅
[17:10] ETH ✅
[17:10] SOL ✅
[17:10] WHALE ✅
[17:10] BOND ✅
[17:15] BTC ✅
[17:15] ETH ✅
[17:15] SOL ✅
[17:15] WHALE ✅
[17:15] BOND ✅
[17:20] BTC ✅
[17:20] ETH ✅
[17:20] SOL ✅
[17:20] WHALE ✅
[17:20] BOND ✅
[17:25] BTC ✅
[17:25] ETH ✅
[17:25] SOL ✅
[17:25] WHALE ✅
[17:25] BOND ✅
[17:30] BTC ✅
[17:30] ETH ✅
[17:30] SOL ✅
[17:30] WHALE ✅
[17:30] BOND ✅
[17:35] BTC ✅
[17:35] ETH ✅
[17:35] SOL ✅
[17:35] WHALE ✅
[17:35] BOND ✅
[17:40] BTC ✅
[17:40] ETH ✅
[17:40] SOL ✅
[17:40] WHALE ✅
[17:40] BOND ✅
[17:45] BTC ✅
[17:45] ETH ✅
[17:45] SOL ✅
[17:45] WHALE ✅
[17:45] BOND ✅
[17:50] BTC ✅
[17:50] ETH ✅
[17:50] SOL ✅
[17:50] WHALE ✅
[17:50] BOND ✅
[17:55] BTC ✅
[17:55] ETH ✅
[17:55] SOL ✅
[17:55] WHALE ✅
[17:55] BOND ✅
[18:00] BTC ✅
[18:00] ETH ✅
[18:00] SOL ✅
[18:00] WHALE ✅
[18:00] BOND ✅
[18:05] BTC ✅
[18:05] ETH ✅
[18:05] SOL ✅
[18:05] WHALE ✅
[18:05] BOND ✅
[18:10] BTC ✅
[18:10] ETH ✅
[18:10] SOL ✅
[18:10] WHALE ✅
[18:10] BOND ✅
[18:15] BTC ✅
[18:15] ETH ✅
[18:15] SOL ✅
[18:15] WHALE ✅
[18:15] BOND ✅
[18:20] BTC ✅
[18:20] ETH ✅
[18:20] SOL ✅
[18:20] WHALE ✅
[18:20] BOND ✅
[18:25] BTC ✅
[18:25] ETH ✅
[18:25] SOL ✅
[18:25] WHALE ✅
[18:25] BOND ✅
[18:30] BTC ✅
[18:30] ETH ✅
[18:30] SOL ✅
[18:30] WHALE ✅
[18:30] BOND ✅
[18:35] BTC ✅
[18:35] ETH ✅
[18:35] SOL ✅
[18:35] WHALE ✅
[18:35] BOND ✅
[18:40] BTC ✅
[18:40] ETH ✅
[18:40] SOL ✅
[18:40] WHALE ✅
[18:40] BOND ✅
[18:45] BTC ✅
[18:45] ETH ✅
[18:45] SOL ✅
[18:45] WHALE ✅
[18:45] BOND ✅
[18:50] BTC ✅
[18:50] ETH ✅
[18:50] SOL ✅
[18:50] WHALE ✅
[18:50] BOND ✅
[18:55] BTC ✅
[18:55] ETH ✅
[18:55] SOL ✅
[18:55] WHALE ✅
[18:55] BOND ✅
[19:00] BTC ✅
[19:00] ETH ✅
[19:00] SOL ✅
[19:00] WHALE ✅
[19:00] BOND ✅
[19:05] BTC ✅
[19:05] ETH ✅
[19:05] SOL ✅
[19:05] WHALE ✅
[19:05] BOND ✅
[19:10] BTC ✅
[19:10] ETH ✅
[19:10] SOL ✅
[19:10] WHALE ✅
[19:10] BOND ✅
[19:15] BTC ✅
[19:15] ETH ✅
[19:15] SOL ✅
[19:15] WHALE ✅
[19:15] BOND ✅
[19:20] BTC ✅
[19:20] ETH ✅
[19:20] SOL ✅
[19:20] WHALE ✅
[19:20] BOND ✅
[19:25] BTC ✅
[19:25] ETH ✅
[19:25] SOL ✅
[19:25] WHALE ✅
[19:25] BOND ✅
[19:30] BTC ✅
[19:30] ETH ✅
[19:30] SOL ✅
[19:30] WHALE ✅
[19:30] BOND ✅
[19:35] BTC ✅
[19:35] ETH ✅
[19:35] SOL ✅
[19:35] WHALE ✅
[19:35] BOND ✅
[19:40] BTC ✅
[19:40] ETH ✅
[19:40] SOL ✅
[19:40] WHALE ✅
[19:40] BOND ✅
[19:45] BTC ✅
[19:45] ETH ✅
[19:45] SOL ✅
[19:45] WHALE ✅
[19:45] BOND ✅
[19:50] BTC ✅
[19:50] ETH ✅
[19:50] SOL ✅
[19:50] WHALE ✅
[19:50] BOND ✅
[19:55] BTC ✅
[19:55] ETH ✅
[19:55] SOL ✅
[19:55] WHALE ✅
[19:55] BOND ✅
[20:00] BTC ✅
[20:00] ETH ✅
[20:00] SOL ✅
[20:00] WHALE ✅
[20:00] BOND ✅
[20:05] BTC ✅
[20:05] ETH ✅
[20:05] SOL ✅
[20:05] WHALE ✅
[20:05] BOND ✅
